____________________________________________________________
Loading data from hard disk ...
Done loading.
____________________________________________________________
Hello from Quack-NKN
What can I do for you?
____________________________________________________________
In: ____________________________________________________________
Got it. I've added this task:
[T][ ] do task 1
Now you have 1 in the list.
____________________________________________________________
In: ____________________________________________________________
Quack, keyword '/from' not found. It must be present for me to mark the start time!
____________________________________________________________
In: ____________________________________________________________
Quack, no empty event please!
____________________________________________________________
In: ____________________________________________________________
Quack, no empty event please!
____________________________________________________________
In: ____________________________________________________________
Quack, no empty start time please!
____________________________________________________________
In: ____________________________________________________________
Quack, no empty end time please!
____________________________________________________________
In: ____________________________________________________________
1. [T][ ] do task 1
____________________________________________________________
In: ____________________________________________________________
Quack, keyword '/by' not found.It must be present for me to mark the deadline time!
____________________________________________________________
In: ____________________________________________________________
Quack, no empty deadline time please!
____________________________________________________________
In: ____________________________________________________________
Quack, no empty deadline task please!
____________________________________________________________
In: ____________________________________________________________
1. [T][ ] do task 1
____________________________________________________________
In: ____________________________________________________________
Bye. Hope to see you again soon!
____________________________________________________________